// Vitest Snapshot v1, https://vitest.dev/guide/snapshot.html

exports[`VPagination Current > renders buttons with arialabel 1`] = `
"<nav class="v-pagination v-theme--light" role="navigation" aria-label="Pagination Navigation" data-test="v-pagination-root">
  <ul class="v-pagination__list">
    <!---->
    <li class="v-pagination__prev" data-test="v-pagination-prev"><button type="button" class="v-btn v-btn--disabled v-btn--icon v-theme--light v-btn--density-default v-btn--size-default v-btn--variant-text" disabled="" arialabel="Previous page" ariadisabled="true"><span class="v-btn__overlay"></span><span class="v-btn__underlay"></span>
        <!----><span class="v-btn__content" data-no-activator=""><i class="mdi-chevron-left mdi v-icon notranslate v-theme--light v-icon--size-default" aria-hidden="true"></i></span>
        <!---->
        <!---->
      </button></li>
    <li class="v-pagination__item v-pagination__item--is-active" data-test="v-pagination-item"><button type="button" class="v-btn v-btn--disabled v-btn--icon v-theme--light v-btn--density-default v-btn--size-default v-btn--variant-text" disabled="" ellipsis="false" ariacurrent="true" arialabel="Page 1, Current page"><span class="v-btn__overlay"></span><span class="v-btn__underlay"></span>
        <!----><span class="v-btn__content" data-no-activator="">1</span>
        <!---->
        <!---->
      </button></li>
    <li class="v-pagination__next" data-test="v-pagination-next"><button type="button" class="v-btn v-btn--disabled v-btn--icon v-theme--light v-btn--density-default v-btn--size-default v-btn--variant-text" disabled="" arialabel="Next page" ariadisabled="true"><span class="v-btn__overlay"></span><span class="v-btn__underlay"></span>
        <!----><span class="v-btn__content" data-no-activator=""><i class="mdi-chevron-right mdi v-icon notranslate v-theme--light v-icon--size-default" aria-hidden="true"></i></span>
        <!---->
        <!---->
      </button></li>
    <!---->
  </ul>
</nav>"
`;

exports[`VPagination Current > renders current page button with ariacurrent 1`] = `
"<nav class="v-pagination v-theme--light" role="navigation" aria-label="Pagination Navigation" data-test="v-pagination-root">
  <ul class="v-pagination__list">
    <!---->
    <li class="v-pagination__prev" data-test="v-pagination-prev"><button type="button" class="v-btn v-btn--disabled v-btn--icon v-theme--light v-btn--density-default v-btn--size-default v-btn--variant-text" disabled="" arialabel="Previous page" ariadisabled="true"><span class="v-btn__overlay"></span><span class="v-btn__underlay"></span>
        <!----><span class="v-btn__content" data-no-activator=""><i class="mdi-chevron-left mdi v-icon notranslate v-theme--light v-icon--size-default" aria-hidden="true"></i></span>
        <!---->
        <!---->
      </button></li>
    <li class="v-pagination__item v-pagination__item--is-active" data-test="v-pagination-item"><button type="button" class="v-btn v-btn--disabled v-btn--icon v-theme--light v-btn--density-default v-btn--size-default v-btn--variant-text" disabled="" ellipsis="false" ariacurrent="true" arialabel="Page 1, Current page"><span class="v-btn__overlay"></span><span class="v-btn__underlay"></span>
        <!----><span class="v-btn__content" data-no-activator="">1</span>
        <!---->
        <!---->
      </button></li>
    <li class="v-pagination__next" data-test="v-pagination-next"><button type="button" class="v-btn v-btn--disabled v-btn--icon v-theme--light v-btn--density-default v-btn--size-default v-btn--variant-text" disabled="" arialabel="Next page" ariadisabled="true"><span class="v-btn__overlay"></span><span class="v-btn__underlay"></span>
        <!----><span class="v-btn__content" data-no-activator=""><i class="mdi-chevron-right mdi v-icon notranslate v-theme--light v-icon--size-default" aria-hidden="true"></i></span>
        <!---->
        <!---->
      </button></li>
    <!---->
  </ul>
</nav>"
`;

exports[`VPagination Current > renders non current-page buttons with ariadisabled 1`] = `
"<nav class="v-pagination v-theme--light" role="navigation" aria-label="Pagination Navigation" data-test="v-pagination-root">
  <ul class="v-pagination__list">
    <!---->
    <li class="v-pagination__prev" data-test="v-pagination-prev"><button type="button" class="v-btn v-btn--disabled v-btn--icon v-theme--light v-btn--density-default v-btn--size-default v-btn--variant-text" disabled="" arialabel="Previous page" ariadisabled="true"><span class="v-btn__overlay"></span><span class="v-btn__underlay"></span>
        <!----><span class="v-btn__content" data-no-activator=""><i class="mdi-chevron-left mdi v-icon notranslate v-theme--light v-icon--size-default" aria-hidden="true"></i></span>
        <!---->
        <!---->
      </button></li>
    <li class="v-pagination__item v-pagination__item--is-active" data-test="v-pagination-item"><button type="button" class="v-btn v-btn--disabled v-btn--icon v-theme--light v-btn--density-default v-btn--size-default v-btn--variant-text" disabled="" ellipsis="false" ariacurrent="true" arialabel="Page 1, Current page"><span class="v-btn__overlay"></span><span class="v-btn__underlay"></span>
        <!----><span class="v-btn__content" data-no-activator="">1</span>
        <!---->
        <!---->
      </button></li>
    <li class="v-pagination__next" data-test="v-pagination-next"><button type="button" class="v-btn v-btn--disabled v-btn--icon v-theme--light v-btn--density-default v-btn--size-default v-btn--variant-text" disabled="" arialabel="Next page" ariadisabled="true"><span class="v-btn__overlay"></span><span class="v-btn__underlay"></span>
        <!----><span class="v-btn__content" data-no-activator=""><i class="mdi-chevron-right mdi v-icon notranslate v-theme--light v-icon--size-default" aria-hidden="true"></i></span>
        <!---->
        <!---->
      </button></li>
    <!---->
  </ul>
</nav>"
`;
